Dataset {
    Structure {
        Structure {
            Float32 Latitude[2*nscans%3aMODIS_SWATH_Type_L1B = 406][1KM_geo_dim%3aMODIS_SWATH_Type_L1B = 271];
            Float32 Longitude[2*nscans%3aMODIS_SWATH_Type_L1B = 406][1KM_geo_dim%3aMODIS_SWATH_Type_L1B = 271];
        } Geolocation%20Fields;
        Structure {
            UInt16 EV_1KM_RefSB[Band_1KM_RefSB%3aMODIS_SWATH_Type_L1B = 15][10*nscans%3aMODIS_SWATH_Type_L1B = 2030][Max_EV_frames%3aMODIS_SWATH_Type_L1B = 1354];
            Byte EV_1KM_RefSB_Uncert_Indexes[Band_1KM_RefSB%3aMODIS_SWATH_Type_L1B = 15][10*nscans%3aMODIS_SWATH_Type_L1B = 2030][Max_EV_frames%3aMODIS_SWATH_Type_L1B = 1354];
            UInt16 EV_1KM_Emissive[Band_1KM_Emissive%3aMODIS_SWATH_Type_L1B = 16][10*nscans%3aMODIS_SWATH_Type_L1B = 2030][Max_EV_frames%3aMODIS_SWATH_Type_L1B = 1354];
            Byte EV_1KM_Emissive_Uncert_Indexes[Band_1KM_Emissive%3aMODIS_SWATH_Type_L1B = 16][10*nscans%3aMODIS_SWATH_Type_L1B = 2030][Max_EV_frames%3aMODIS_SWATH_Type_L1B = 1354];
            UInt16 EV_250_Aggr1km_RefSB[Band_250M%3aMODIS_SWATH_Type_L1B = 2][10*nscans%3aMODIS_SWATH_Type_L1B = 2030][Max_EV_frames%3aMODIS_SWATH_Type_L1B = 1354];
            Byte EV_250_Aggr1km_RefSB_Uncert_Indexes[Band_250M%3aMODIS_SWATH_Type_L1B = 2][10*nscans%3aMODIS_SWATH_Type_L1B = 2030][Max_EV_frames%3aMODIS_SWATH_Type_L1B = 1354];
            Int32 EV_250_Aggr1km_RefSB_Samples_Used[Band_250M%3aMODIS_SWATH_Type_L1B = 2][10*nscans%3aMODIS_SWATH_Type_L1B = 2030][Max_EV_frames%3aMODIS_SWATH_Type_L1B = 1354];
            UInt16 EV_500_Aggr1km_RefSB[Band_500M%3aMODIS_SWATH_Type_L1B = 5][10*nscans%3aMODIS_SWATH_Type_L1B = 2030][Max_EV_frames%3aMODIS_SWATH_Type_L1B = 1354];
            Byte EV_500_Aggr1km_RefSB_Uncert_Indexes[Band_500M%3aMODIS_SWATH_Type_L1B = 5][10*nscans%3aMODIS_SWATH_Type_L1B = 2030][Max_EV_frames%3aMODIS_SWATH_Type_L1B = 1354];
            Int32 EV_500_Aggr1km_RefSB_Samples_Used[Band_500M%3aMODIS_SWATH_Type_L1B = 5][10*nscans%3aMODIS_SWATH_Type_L1B = 2030][Max_EV_frames%3aMODIS_SWATH_Type_L1B = 1354];
            Int16 Height[2*nscans%3aMODIS_SWATH_Type_L1B = 406][1KM_geo_dim%3aMODIS_SWATH_Type_L1B = 271];
            Int16 SensorZenith[2*nscans%3aMODIS_SWATH_Type_L1B = 406][1KM_geo_dim%3aMODIS_SWATH_Type_L1B = 271];
            Int16 SensorAzimuth[2*nscans%3aMODIS_SWATH_Type_L1B = 406][1KM_geo_dim%3aMODIS_SWATH_Type_L1B = 271];
            UInt16 Range[2*nscans%3aMODIS_SWATH_Type_L1B = 406][1KM_geo_dim%3aMODIS_SWATH_Type_L1B = 271];
            Int16 SolarZenith[2*nscans%3aMODIS_SWATH_Type_L1B = 406][1KM_geo_dim%3aMODIS_SWATH_Type_L1B = 271];
            Int16 SolarAzimuth[2*nscans%3aMODIS_SWATH_Type_L1B = 406][1KM_geo_dim%3aMODIS_SWATH_Type_L1B = 271];
            Byte gflags[2*nscans%3aMODIS_SWATH_Type_L1B = 406][1KM_geo_dim%3aMODIS_SWATH_Type_L1B = 271];
            Sequence {
                Structure {
                    Float32 Band_250M__0;
                } Band_250M;
            } Band_250M;
            Sequence {
                Structure {
                    Float32 Band_500M__0;
                } Band_500M;
            } Band_500M;
            Sequence {
                Structure {
                    Float32 Band_1KM_RefSB__0;
                } Band_1KM_RefSB;
            } Band_1KM_RefSB;
            Sequence {
                Structure {
                    Float32 Band_1KM_Emissive__0;
                } Band_1KM_Emissive;
            } Band_1KM_Emissive;
            UInt16 EV_Band26[10*nscans%3aMODIS_SWATH_Type_L1B = 2030][Max_EV_frames%3aMODIS_SWATH_Type_L1B = 1354];
            Byte EV_Band26_Uncert_Indexes[10*nscans%3aMODIS_SWATH_Type_L1B = 2030][Max_EV_frames%3aMODIS_SWATH_Type_L1B = 1354];
        } Data%20Fields;
    } MODIS_SWATH_Type_L1B;
    Byte Noise%20in%20Thermal%20Detectors[number%20of%20emissive%20bands = 16][detectors%20per%201km%20band = 10];
    Byte Change%20in%20relative%20responses%20of%20thermal%20detectors[number%20of%20emissive%20bands = 16][detectors%20per%201km%20band = 10];
    Int32 DC%20Restore%20Change%20for%20Thermal%20Bands[number%20of%20scans = 203][number%20of%20emissive%20bands = 16][detectors%20per%201km%20band = 10];
    Int32 DC%20Restore%20Change%20for%20Reflective%20250m%20Bands[number%20of%20scans = 203][number%20of%20250m%20bands = 2][detectors%20per%20250m%20band = 40];
    Int32 DC%20Restore%20Change%20for%20Reflective%20500m%20Bands[number%20of%20scans = 203][number%20of%20500m%20bands = 5][detectors%20per%20500m%20band = 20];
    Int32 DC%20Restore%20Change%20for%20Reflective%201km%20Bands[number%20of%20scans = 203][number%20of%201km%20reflective%20bands = 15][detectors%20per%201km%20band = 10];
    Sequence {
        Structure {
            Int32 Scan%20Number__0;
        } Scan%20Number;
        Structure {
            Int32 Complete%20Scan%20Flag__0;
        } Complete%20Scan%20Flag;
        Structure {
            String Scan%20Type__0;
        } Scan%20Type;
        Structure {
            Int32 Mirror%20Side__0;
        } Mirror%20Side;
        Structure {
            Float64 EV%20Sector%20Start%20Time__0;
        } EV%20Sector%20Start%20Time;
        Structure {
            Int32 EV_Frames__0;
        } EV_Frames;
        Structure {
            Int32 Nadir_Frame_Number__0;
        } Nadir_Frame_Number;
        Structure {
            Float32 Latitude%20of%20Nadir%20Frame__0;
        } Latitude%20of%20Nadir%20Frame;
        Structure {
            Float32 Longitude%20of%20Nadir%20Frame__0;
        } Longitude%20of%20Nadir%20Frame;
        Structure {
            Float32 Solar%20Azimuth%20of%20Nadir%20Frame__0;
        } Solar%20Azimuth%20of%20Nadir%20Frame;
        Structure {
            Float32 Solar%20Zenith%20of%20Nadir%20Frame__0;
        } Solar%20Zenith%20of%20Nadir%20Frame;
        Structure {
            Int32 No.%20OBC%20BB%20thermistor%20outliers__0;
        } No.%20OBC%20BB%20thermistor%20outliers;
        Structure {
            UInt32 Bit%20QA%20Flags__0;
        } Bit%20QA%20Flags;
        Structure {
            Float32 Sector%20Rotation%20Angle__0;
        } Sector%20Rotation%20Angle;
    } Level%201B%20Swath%20Metadata;
} MOD021KM.A2010277.1710.005.2010278082807.hdf;
